[
["Italian Game", "The Italian Game is a chess opening that begins with the moves 1.e4 e5 2.Nf3 Nc6 3.Bc4."],
["Ruy Lopez", "The Ruy Lopez is a popular chess opening that begins with the moves 1.e4 e5 2.Nf3 Nc6 3.Bb5. It is named after a Spanish bishop, Ruy López de Segura, who wrote one of the first books on chess in 1561. The Ruy Lopez is known for its strategic complexity and has been played by countless chess champions throughout history."],
["Sicilian Defense", "The Sicilian Defense is one of the most popular and aggressive chess openings for Black. It arises after the moves 1.e4 c5. The Sicilian Defense is named after the Italian island of Sicily and is known for its tactical complexity and dynamic counterattacking possibilities."],
["French Defense", "The French Defense is a popular chess opening for Black that arises after the moves 1.e4 e6. It is known for its solid and strategic nature, as well as its emphasis on pawn structure and piece coordination."],
["Kings Gambit", "The King's Gambit is an aggressive opening that begins with the moves 1.e4 e5 2.f4. White sacrifices a pawn to gain rapid development and initiative. The King's Gambit can lead to dynamic and tactical positions."],
["Queens Gambit", "The Queen's Gambit is a popular opening that starts with the moves 1.d4 d5 2.c4. White offers a pawn to gain control of the center and prepare for a strong middlegame. The Queen's Gambit has been extensively analyzed and has several variations."],
["Nimzo-Indian Defense", "The Nimzo-Indian Defense is a strategic opening for Black that arises after the moves 1.d4 Nf6 2.c4 e6 3.Nc3 Bb4. It aims to control the center and restrict White's pawn structure. The Nimzo-Indian Defense often leads to complex and positional battles."],
["English Opening", "The English Opening is a flexible and positional opening that starts with the move 1.c4. It focuses on controlling the center and preparing for strategic maneuvering. The English Opening can transpose into various systems based on Black's responses."],
["Kings Indian Defense", "The King's Indian Defense is a solid and aggressive opening for Black that starts with the moves 1.d4 Nf6 2.c4 g6 3.Nc3 Bg7. It aims to control the center and launch a strong counterattack on White's position, often leading to rich and complex middlegame positions."],
["Caro-Kann Defense", "The Caro-Kann Defense is a solid opening for Black that arises after the moves 1.e4 c6. It emphasizes a strong pawn structure and solid development, aiming to neutralize White's aggressive intentions and create counterplay in the later stages of the game."],
["Scandinavian Defense", " The Scandinavian Defense, also known as the Center Counter Defense, starts with the moves 1.e4 d5. Black immediately challenges White's central pawn, aiming for piece development and active counterplay. The Scandinavian Defense can lead to unbalanced and tactical positions."],
["Slav Defense", "The Slav Defense is a solid opening for Black that begins with the moves 1.d4 d5 2.c4 c6. It focuses on solid pawn structure and piece development, aiming for a reliable and strategic position. The Slav Defense has several variations, including the Semi-Slav and the Exchange Variation."],
["Alekhines Defense", "Alekhine's Defense is a provocative opening for Black that starts with the moves 1.e4 Nf6. It aims to disrupt White's pawn structure and create imbalances early in the game. Alekhine's Defense often leads to asymmetrical positions with tactical possibilities for both sides."],
["Dutch Defense", "The Dutch Defense is an aggressive opening for Black that begins with the moves 1.d4 f5. It aims to control the e4 square and launch a counterattack against White's center. The Dutch Defense often leads to asymmetrical positions and can result in dynamic and tactical play."],
["Pirc Defense", "The Pirc Defense is a solid and flexible opening for Black that arises after the moves 1.e4 d6 2.d4 Nf6 3.Nc3 g6. Black aims to control the center indirectly and create a solid pawn structure. The Pirc Defense often leads to strategic and positional battles."],
["Scandinavian Gambit", "The Scandinavian Gambit, also known as the Center Counter Gambit, starts with the moves 1.e4 d5 2.exd5 Nf6. Black immediately offers a pawn to disrupt White's development and create tactical complications. The Scandinavian Gambit leads to dynamic and aggressive play."],
["Budapest Gambit", "The Budapest Gambit is an aggressive opening for Black that begins with the moves 1.d4 Nf6 2.c4 e5. Black sacrifices a pawn to quickly develop the pieces and target White's center. The Budapest Gambit often leads to tactical and double-edged positions."],
["Benoni Defense", "The Benoni Defense is a dynamic and aggressive opening for Black that starts with the moves 1.d4 Nf6 2.c4 c5 3.d5 e6. Black aims to create imbalances and counterplay against White's central pawn structure. The Benoni Defense often leads to sharp and tactical positions."],
["Scotch Game", "The Scotch Game is an opening for White that starts with the moves 1.e4 e5 2.Nf3 Nc6 3.d4. White aims to seize the center and create active piece play. The Scotch Game often leads to tactical skirmishes and open positions."],
["Halloween Gambit", "The Halloween Gambit is a highly aggressive and tactical opening where White sacrifices a knight on move 4 to create imbalances and open up lines of attack. Black can accept the gambit by capturing the knight with 4...Nxe5 or decline it by playing a different move. If Black accepts the gambit, White continues with moves like 5.d4, aiming to develop quickly and put pressure on Black's position."],
["Danish Gambit", "The Danish Gambit is another aggressive opening where White sacrifices a pawn on move 3 to gain rapid development and attacking chances. It can lead to sharp positions and tactical complications."],
["Fried Liver Attack", "The Fried Liver Attack is a highly tactical line in the Two Knights Defense. White sacrifices a knight on move 6 to expose Black's king and create threats. It often leads to sharp and double-edged positions."],
["Latvian Gambit", "The Latvian Gambit, also known as the Greco Counter Gambit, is an aggressive opening where Black sacrifices a pawn on move 2 to launch an immediate attack against White's position. It often leads to tactical complications and dynamic play."],
["Albin Counter-Gambit", "The Albin Counter-Gambit is a response to the Queen's Gambit where Black sacrifices a pawn on move 2 to quickly develop pieces and create active counterplay. It aims to disrupt White's pawn structure and seize the initiative."],
["Leningrad Dutch Defense", "The Leningrad Dutch Defense is an aggressive setup for Black against 1.d4. It involves fianchettoing the kingside bishop and preparing a pawn storm on the queenside. It often leads to sharp, tactical positions with both players vying for control."],
["Najdorf Opening", "The Najdorf Opening is one of the most popular and aggressive variations of the Sicilian Defense, which arises after the moves: 1.e4 c5 2.Nf3 d6 3.d4 cxd4 4.Nxd4 Nf6 5.Nc3 a6 The Najdorf Opening was named after the Argentine Grandmaster Miguel Najdorf, who popularized this aggressive setup. It is known for its sharp and tactical nature, offering Black numerous counterattacking chances."],
["Dragon Variation", "The Dragon Variation is a sharp and aggressive line within the Sicilian Defense, characterized by Black playing ...g6 and ...Bg7 to fianchetto the bishop. It often leads to tactical battles and dynamic positions."],
["Sveshnikov Variation", " The Sveshnikov Variation is a popular choice for Black, characterized by the moves 1.e4 c5 2.Nf3 Nc6 3.d4 cxd4 4.Nxd4 Nf6 5.Nc3 e5. It involves exchanging pawns on d4 and then playing ...Nxd4, aiming for quick development and central control."],
["Taimanov Variation", " The Taimanov Variation is a flexible and solid choice against the Sicilian Defense. It typically arises after the moves 1.e4 c5 2.Nf3 e6 3.d4 cxd4 4.Nxd4 Nc6 5.Nc3 Qc7. Black aims for solid pawn structure and focuses on harmonious piece development."],
["Scheveningen Variation", " The Scheveningen Variation is a strategic and solid line within the Sicilian Defense. It is characterized by 1.e4 c5 2.Nf3 d6 3.d4 cxd4 4.Nxd4 Nf6 5.Nc3 e6. Black prepares to control the center and create counterplay based on pawn breaks and piece activity."],
["Accelerated Dragon", "The Accelerated Dragon is an aggressive and dynamic variation within the Sicilian Defense. It starts with 1.e4 c5 2.Nf3 Nc6 3.d4 cxd4 4.Nxd4 g6. Black focuses on quick development and attacking chances, often playing ...Bg7 and ...Nf6."]
]
