[
["Magnus Carlsen", "Magnus Carlsen is a Norwegian chess grandmaster and the reigning World Chess Champion. He was born on November 30, 1990, in Tonsberg, Norway. Carlsen first gained international recognition in 2004 when he became a grandmaster at the age of 13, making him one of the youngest grandmasters in history. He has since dominated the chess world and achieved numerous records and accomplishments."],
["Jan-Krzysztof Duda", "Jan-Krzysztof Duda is a Polish chess grandmaster. He was born on April 26, 1998, in Kraków, Poland. Duda is known for his aggressive and tactical playing style, often employing dynamic and creative strategies in his games. Duda achieved the title of Grandmaster in 2013 at the age of 15, making him one of the youngest Polish players to reach that milestone. He has represented Poland in several Chess Olympiads and has been a key contributor to the team's success."],
["Ding Liren", "Ding Liren is the current world champion, Chinese chess grandmaster. He was born on October 24, 1992, in Wenzhou, China. Ding is widely regarded as one of the strongest chess players in the world. He achieved the title of Grandmaster in 2009 at the age of 16, making him one of the youngest Chinese players to reach that milestone."],
["Jan Niepomniaszczi", "rosyjski szachista, arcymistrz od 2007 roku; wicemistrz świata w szachach (2021 i 2023)."],
["Alireza Firuzdża", "irański arcymistrz szachowy, wicemistrz świata w szachach szybkich z 2019 roku. Zdobył mistrzostwo Iranu w szachach w wieku 12 lat, a tytuł arcymistrza w wieku 14 lat. W wieku 16 lat osiągnął 2700 punktów Elo w rankingu FIDE. W wieku 18 lat osiągnął 2800 punktów Elo w rankingu FIDE. Od lipca 2021 roku reprezentant Francji"],
["Hikaru Nakamura", " an American chess grandmaster, Twitch streamer, YouTube content creator, five-time U.S. Chess Champion, and the reigning World Fischer Random Chess Champion. A chess prodigy, he earned his grandmaster title at the age of 15, the youngest American at the time to do so. With a peak rating of 2816, Nakamura is the tenth-highest rated player in history. He has represented the United States at five Chess Olympiads, securing a team gold medal and two team bronze medals."],
["Anisz Giri", "nepalsko–rosyjski szachista, reprezentant Holandii od 2009, arcymistrz od 2009 roku."],
["Fabiano Caruana", "włoski szachista, od 2006 roku reprezentujący Stany Zjednoczone, arcymistrz od 2007 roku."],
["Wesley So", "filipiński szachista, reprezentant Stanów Zjednoczonych od 2014, arcymistrz od 2008 roku."],
["Jan-Krzysztof Duda", "polski szachista, arcymistrz od 2013 roku. Zwycięzca Pucharu Świata FIDE w 2021 roku."],
["Radosław Wojtaszek", "jest superarcymistrzem i pięciokrotnym mistrzem Polski w szachach (2005, 2014, 2016, 2021, 2022)."],
["Lewon Aronian", "ormiański szachista, od października 2003 do maja 2004 reprezentant Niemiec, arcymistrz od 2001 roku. Od 2021 roku reprezentant Stanów Zjednoczonych."],
["Richard Rapport", "węgierski szachista, arcymistrz od 2010 roku. Od września 2022 oficjalnie reprezentuje Rumunię."]
]
